Running Gradle task 'assembleDebug'...                          
flutter : 
At line:1 char:1
+ flutter build apk 
--debug > 
build_output.txt 2>&1
+ ~~~~~~~~~~~~~~~~~~~~~~~~
~~~~~~~~~~~~~~~~~~~~~~~~~
    + CategoryInfo        
      : NotSpecified: (:  
  String) [], RemoteExc   
 eption
    + FullyQualifiedError 
   Id : NativeCommandErr  
  or
 
FAILURE: Build failed 
with an exception.

* Where:
Build file 'D:\Documents\L
abrix_project\labrix\andro
id\build.gradle.kts' 
line: 1

* What went wrong:
Error resolving plugin 
[id: 
'com.android.library', 
version: '8.9.1', apply: 
false]
> The request for this 
plugin could not be 
satisfied because the 
plugin is already on the 
classpath with an unknown 
version, so compatibility 
cannot be checked.

* Try:
> Run with --stacktrace 
option to get the stack 
trace.
> Run with --info or 
--debug option to get 
more log output.
> Run with --scan to get 
full insights.
> Get more help at 
https://help.gradle.org.

BUILD FAILED in 2s
Running Gradle task 'assembleDebug'...                              3.4s
Gradle task assembleDebug 
failed with exit code 1
